[boostmania.cc/index.html]
[backblue.gif]
[fade.gif]
[index.html]
[boostmania.cc/style.css]
[boostmania.cc/img/boostlogo.png]
[cdnjs.cloudflare.com/ajax/libs/font-awesome/4.5.0/css/font-awesome.min.css]
[cdn.sellix.io/static/js/embed.js]
[cdn.sellix.io/static/css/embed.css]
[unpkg.com/aos@2.3.1/dist/aos.css]
[boostmania.cc/index-2.html]
[boostmania.cc/tos.html]
[boostmania.cc/img/person_home.png]
[boostmania.cc/img/spiral.png]
[boostmania.cc/img/glowOne.png]
[boostmania.cc/img/wumpuss.png]
[boostmania.cc/img/light.png]
[boostmania.cc/img/glow.png]
[boostmania.cc/img/feature-icon.png]
[boostmania.cc/img/watermark.png]
[boostmania.cc/img/design.png]
[code.jquery.com/jquery-3.6.0.slim.js]
[boostmania.cc/script.js]
[boostmania.cc/group.js]
[boostmania.cc/feedback.js]
[code.jquery.com/jquery-3.6.0.js]
[unpkg.com/aos@2.3.1/dist/aos.js]
[cdn.jsdelivr.net/npm/particles.js@2.0.0/particles.min.js]
[boostmania.cc/javascript/nav-color.js]
[boostmania.cc/javascript/script.js]
[boostmania.cc/index.html]
[boostmania.cc/style.css]
[cdnjs.cloudflare.com/ajax/libs/font-awesome/4.5.0/css/font-awesome.min.css]
[cdn.sellix.io/static/css/embed.css]
[unpkg.com/aos@2.3.1/dist/aos.css]
[boostmania.cc/index-2.html]
[boostmania.cc/tos.html]
[boostmania.cc/img/glow.html]
[boostmania.cc/script.js]
[boostmania.cc/getProducts.html]
[boostmania.cc/group.js]
[boostmania.cc/getGroups.html]
[boostmania.cc/img/star.png]
[boostmania.cc/img/star2.png]
[boostmania.cc/img/star3.png]
[boostmania.cc/img/star4.png]
[boostmania.cc/img/star5.png]
[boostmania.cc/feedback.js]
[boostmania.cc/javascript/nav-color.js]
[boostmania.cc/javascript/script.js]
[boostmania.cc/getProducts.html]
[boostmania.cc/getGroups.html]
[boostmania.cc/getFeedback.html]
[boostmania.cc/getFeedback.html]
